// Jest Snapshot v1, https://goo.gl/fbAQLP

exports[`<Card /> should render and match the snapshot 1`] = `
<body>
  <div>
    <div
      class="ant-card ant-card-bordered Card__CustomCard-sc-7y2i64-0 hWoWqx"
      data-testid="card"
    >
      <div
        class="ant-card-body"
      />
    </div>
  </div>
</body>
`;
