// Jest Snapshot v1, https://goo.gl/fbAQLP

exports[`<PlayingSongBar /> should render and match the snapshot 1`] = `
<body>
  <div>
    <div
      class="PlayingSongBar__Container-sc-3br0fj-1 kofZqC"
      data-testid="playing-song-bar"
    >
      <div />
      <div
        class="song"
      >
        <span
          style="font-size: 20px;"
        />
      </div>
    </div>
  </div>
</body>
`;
