// Jest Snapshot v1, https://goo.gl/fbAQLP

exports[`<PlayingSongBar /> should render and match the snapshot 1`] = `
<body>
  <div>
    <div
      class="PlayingSongBar__Container-sc-3br0fj-1 dsMBZY"
      data-testid="playing-song-bar"
    >
      <div />
      <div
        class="song"
      >
        <span
          class="song-name"
        />
        <span
          class="tracktype"
        >
          <span />
          :
          <span
            style="margin-left: 10px;"
          >
            NaN
          </span>
        </span>
      </div>
    </div>
  </div>
</body>
`;
