// Jest Snapshot v1, https://goo.gl/fbAQLP

exports[`<RepoCard /> should render and match the snapshot 1`] = `
<body>
  <div>
    <div
      class="MuiPaper-root MuiPaper-elevation MuiPaper-rounded MuiPaper-elevation1 MuiCard-root e6pkn6t0 css-16zkfrb-MuiPaper-root-MuiCard-root"
      data-testid="repo-card"
    >
      <p
        class="css-lh9t18 egtqi0h0"
        data-testid="name-unavailable"
      >
        Repository name is unavailable
      </p>
      <p
        class="css-lh9t18 egtqi0h0"
        data-testid="fullName-unavailable"
      >
        Repository full name unavaiable
      </p>
      <p
        class="css-lh9t18 egtqi0h0"
        data-testid="stargazers-unavaiable"
      >
        Repository stars are unavaiable
      </p>
    </div>
  </div>
</body>
`;
