// Jest Snapshot v1, https://goo.gl/fbAQLP

exports[`<App /> container tests should render and match the snapshot 1`] = `
<div>
  <header
    class="MuiPaper-root MuiPaper-elevation MuiPaper-elevation4 MuiAppBar-root MuiAppBar-colorPrimary MuiAppBar-positionRelative esmlbx62 css-yd54ol-MuiPaper-root-MuiAppBar-root"
    data-testid="header"
    intl="[object Object]"
  >
    <img
      alt="logo"
      class="css-1725ugr esmlbx61"
      height="5rem"
      src="IMAGE_MOCK"
      width="auto"
    />
    <p
      class="esmlbx60 css-gl8sku egtqi0h0"
      data-testid="t"
    >
      Wednesday Solutions
    </p>
  </header>
  <div
    class="MuiContainer-root MuiContainer-maxWidthLg css-psxadm-MuiContainer-root"
  />
</div>
`;
