// Jest Snapshot v1, https://goo.gl/fbAQLP

exports[`<App /> container tests should render and match the snapshot 1`] = `
<div>
  <header
    class="MuiPaper-root MuiPaper-elevation MuiPaper-elevation4 MuiAppBar-root MuiAppBar-colorPrimary MuiAppBar-positionRelative Header__StyledHeader-wp2jxc-0 bCCjYc css-1pxbjpg-MuiPaper-root-MuiAppBar-root"
    data-testid="header"
    intl="[object Object]"
  >
    <img
      alt="logo"
      class="Header__Logo-wp2jxc-1 kLDLQt"
      height="5rem"
      src="IMAGE_MOCK"
      width="auto"
    />
    <p
      class="T__StyledText-gjlic1-0 guBozt Header__Title-wp2jxc-2 bLxmUf"
      data-testid="t"
    >
      Wednesday Solutions
    </p>
  </header>
  <div
    class="MuiContainer-root MuiContainer-maxWidthLg css-1oqqzyl-MuiContainer-root"
  />
</div>
`;
