// Jest Snapshot v1, https://goo.gl/fbAQLP

exports[`<Header /> should render and match the snapshot 1`] = `
<body>
  <div>
    <header
      class="ant-layout-header Header__StyledHeader-sc-1tzmjr3-0 kXbPIn"
      data-testid="header"
      intl="[object Object]"
    >
      <img
        alt="logo"
        class="Header__Logo-sc-1tzmjr3-1 hNwOTF"
        src="IMAGE_MOCK"
      />
      <p
        class="T__StyledText-k7y7i4-0 iJxTfE Header__Title-sc-1tzmjr3-2 dCKgUw"
        data-testid="t"
      >
        Itunes Music
      </p>
    </header>
  </div>
</body>
`;
