// Jest Snapshot v1, https://goo.gl/fbAQLP

exports[`<FrontendContainer /> container tests should render and match the snapshot 1`] = `
<body>
  <div>
    <div
      class="FrontendContainer__Container-sc-1cnr2ah-0 cVHCgt"
    >
      <div
        class="ant-row"
      >
        <div
          class="ant-col"
        >
          <div
            class="MenubarJs__MenuDiv-sc-9eruv1-0 dnpzal"
            data-testid="menubar-js"
          >
            <ul
              class="ant-menu ant-menu-light MenuBar ant-menu-root ant-menu-vertical"
              role="menu"
            >
              <li
                class="ant-menu-item ant-menu-item-only-child MenuItem"
                role="menuitem"
              >
                <img
                  src="IMAGE_MOCK"
                />
              </li>
              <li
                class="ant-menu-item ant-menu-item-only-child MenuItem"
                role="menuitem"
              >
                <img
                  src="IMAGE_MOCK"
                />
              </li>
              <li
                class="ant-menu-item ant-menu-item-only-child MenuItem"
                role="menuitem"
              >
                <img
                  src="IMAGE_MOCK"
                  width="50"
                />
              </li>
            </ul>
          </div>
        </div>
        <div
          class="ant-col"
        >
          <div
            class="Navbar__MainDiv-i5nfb1-0 jRerJb"
            data-testid="navbar"
          >
            <div
              class="ant-row"
            >
              <span
                class="Dashboard"
              >
                DASHBOARD
              </span>
              <div
                class="ant-col ModifiedCol"
              >
                <img
                  height="30"
                  src="IMAGE_MOCK"
                />
              </div>
            </div>
            <div
              class="HeadingDiv"
            >
              <img
                src="IMAGE_MOCK"
              />
              <span
                class="Title"
              >
                 
                You have saved $345 by paying invoices in time. 
              </span>
            </div>
          </div>
        </div>
      </div>
    </div>
  </div>
</body>
`;
