// Jest Snapshot v1, https://goo.gl/fbAQLP

exports[`<SongList /> should render and match the snapshot 1`] = `
<body>
  <div>
    <div
      data-testid="song-list"
    >
      <div
        class="site-card-wrapper"
      >
        <div
          class="ant-row"
          style="margin-left: -5px; margin-right: -5px;"
        />
      </div>
    </div>
  </div>
</body>
`;
